// Jest Snapshot v1, https://goo.gl/fbAQLP

exports[`ListPageDatalayer should render 1`] = `
<ListPage
  hasFontsLoaded={false}
  navigateToDetails={[Function]}
/>
`;
