// Jest Snapshot v1, https://goo.gl/fbAQLP

exports[`generateListingComponent should toggle from true to false 1`] = `
<Listing
  hasFontsLoaded={false}
  navigateToDetails={[Function]}
  starship={
    {
      "model": "Big Ship Model",
      "name": "Big Ship",
    }
  }
/>
`;
