// Jest Snapshot v1, https://goo.gl/fbAQLP

exports[`ListPage should render 1`] = `
<View
  style={
    {
      "backgroundColor": "#0C0D12",
      "gap": 15,
    }
  }
>
  <FlatList
    renderItem={[Function]}
  />
</View>
`;
