// Jest Snapshot v1, https://goo.gl/fbAQLP

exports[`DetailPageDatalayer should render 1`] = `<DetailPage />`;
